‹èÙñ÷C
æC{"Root":{"Path":"/","CreatedIndex":0,"ModifiedIndex":0,"ExpireTime":"0001-01-01T00:00:00Z","Value":"","Children":{"0":{"Path":"/0","CreatedIndex":0,"ModifiedIndex":0,"ExpireTime":"0001-01-01T00:00:00Z","Value":"","Children":{"members":{"Path":"/0/members","CreatedIndex":1,"ModifiedIndex":1,"ExpireTime":"0001-01-01T00:00:00Z","Value":"","Children":{"767fffa4f4e513ac":{"Path":"/0/members/767fffa4f4e513ac","CreatedIndex":1,"ModifiedIndex":1,"ExpireTime":"0001-01-01T00:00:00Z","Value":"","Children":{"attributes":{"Path":"/0/members/767fffa4f4e513ac/attributes","CreatedIndex":7,"ModifiedIndex":7,"ExpireTime":"0001-01-01T00:00:00Z","Value":"{\"name\":\"ip-172-31-40-212\",\"clientURLs\":[\"https://172.31.40.212:2379\"]}","Children":null},"raftAttributes":{"Path":"/0/members/767fffa4f4e513ac/raftAttributes","CreatedIndex":1,"ModifiedIndex":1,"ExpireTime":"0001-01-01T00:00:00Z","Value":"{\"peerURLs\":[\"https://172.31.40.212:2380\"]}","Children":null}}}}},"version":{"Path":"/0/version","CreatedIndex":3,"ModifiedIndex":3,"ExpireTime":"0001-01-01T00:00:00Z","Value":"3.5.0","Children":null}}},"1":{"Path":"/1","CreatedIndex":0,"ModifiedIndex":0,"ExpireTime":"0001-01-01T00:00:00Z","Value":"","Children":{}}}},"WatcherHub":{"EventHistory":{"Queue":{"Events":[{"action":"create","node":{"key":"/0/members/767fffa4f4e513ac/raftAttributes","value":"{\"peerURLs\":[\"https://172.31.40.212:2380\"]}","modifiedIndex":1,"createdIndex":1}},{"action":"set","node":{"key":"/0/members/767fffa4f4e513ac/attributes","value":"{\"name\":\"ip-172-31-40-212\",\"clientURLs\":[\"https://172.31.40.212:2379\"]}","modifiedIndex":2,"createdIndex":2}},{"action":"set","node":{"key":"/0/version","value":"3.5.0","modifiedIndex":3,"createdIndex":3}},{"action":"set","node":{"key":"/0/members/767fffa4f4e513ac/attributes","value":"{\"name\":\"ip-172-31-40-212\",\"clientURLs\":[\"https://172.31.40.212:2379\"]}","modifiedIndex":4,"createdIndex":4},"prevNode":{"key":"/0/members/767fffa4f4e513ac/attributes","value":"{\"name\":\"ip-172-31-40-212\",\"clientURLs\":[\"https://172.31.40.212:2379\"]}","modifiedIndex":2,"createdIndex":2}},{"action":"set","node":{"key":"/0/members/767fffa4f4e513ac/attributes","value":"{\"name\":\"ip-172-31-40-212\",\"clientURLs\":[\"https://172.31.40.212:2379\"]}","modifiedIndex":5,"createdIndex":5},"prevNode":{"key":"/0/members/767fffa4f4e513ac/attributes","value":"{\"name\":\"ip-172-31-40-212\",\"clientURLs\":[\"https://172.31.40.212:2379\"]}","modifiedIndex":4,"createdIndex":4}},{"action":"set","node":{"key":"/0/members/767fffa4f4e513ac/attributes","value":"{\"name\":\"ip-172-31-40-212\",\"clientURLs\":[\"https://172.31.40.212:2379\"]}","modifiedIndex":6,"createdIndex":6},"prevNode":{"key":"/0/members/767fffa4f4e513ac/attributes","value":"{\"name\":\"ip-172-31-40-212\",\"clientURLs\":[\"https://172.31.40.212:2379\"]}","modifiedIndex":5,"createdIndex":5}},{"action":"set","node":{"key":"/0/members/767fffa4f4e513ac/attributes","value":"{\"name\":\"ip-172-31-40-212\",\"clientURLs\":[\"https://172.31.40.212:2379\"]}","modifiedIndex":7,"createdIndex":7},"prevNode":{"key":"/0/members/767fffa4f4e513ac/attributes","value":"{\"name\":\"ip-172-31-40-212\",\"clientURLs\":[\"https://172.31.40.212:2379\"]}","modifiedIndex":6,"createdIndex":6}},null,null,null,null,null,null,null,null,null,null,null,null,null,null,null,null,null,null,null,null,null,null,null,null,null,null,null,null,null,null,null,null,null,null,null,null,null,null,null,null,null,null,null,null,null,null,null,null,null,null,null,null,null,null,null,null,null,null,null,null,null,null,null,null,null,null,null,null,null,null,null,null,null,null,null,null,null,null,null,null,null,null,null,null,null,null,null,null,null,null,null,null,null,null,null,null,null,null,null,null,null,null,null,null,null,null,null,null,null,null,null,null,null,null,null,null,null,null,null,null,null,null,null,null,null,null,null,null,null,null,null,null,null,null,null,null,null,null,null,null,null,null,null,null,null,null,null,null,null,null,null,null,null,null,null,null,null,null,null,null,null,null,null,null,null,null,null,null,null,null,null,null,null,null,null,null,null,null,null,null,null,null,null,null,null,null,null,null,null,null,null,null,null,null,null,null,null,null,null,null,null,null,null,null,null,null,null,null,null,null,null,null,null,null,null,null,null,null,null,null,null,null,null,null,null,null,null,null,null,null,null,null,null,null,null,null,null,null,null,null,null,null,null,null,null,null,null,null,null,null,null,null,null,null,null,null,null,null,null,null,null,null,null,null,null,null,null,null,null,null,null,null,null,null,null,null,null,null,null,null,null,null,null,null,null,null,null,null,null,null,null,null,null,null,null,null,null,null,null,null,null,null,null,null,null,null,null,null,null,null,null,null,null,null,null,null,null,null,null,null,null,null,null,null,null,null,null,null,null,null,null,null,null,null,null,null,null,null,null,null,null,null,null,null,null,null,null,null,null,null,null,null,null,null,null,null,null,null,null,null,null,null,null,null,null,null,null,null,null,null,null,null,null,null,null,null,null,null,null,null,null,null,null,null,null,null,null,null,null,null,null,null,null,null,null,null,null,null,null,null,null,null,null,null,null,null,null,null,null,null,null,null,null,null,null,null,null,null,null,null,null,null,null,null,null,null,null,null,null,null,null,null,null,null,null,null,null,null,null,null,null,null,null,null,null,null,null,null,null,null,null,null,null,null,null,null,null,null,null,null,null,null,null,null,null,null,null,null,null,null,null,null,null,null,null,null,null,null,null,null,null,null,null,null,null,null,null,null,null,null,null,null,null,null,null,null,null,null,null,null,null,null,null,null,null,null,null,null,null,null,null,null,null,null,null,null,null,null,null,null,null,null,null,null,null,null,null,null,null,null,null,null,null,null,null,null,null,null,null,null,null,null,null,null,null,null,null,null,null,null,null,null,null,null,null,null,null,null,null,null,null,null,null,null,null,null,null,null,null,null,null,null,null,null,null,null,null,null,null,null,null,null,null,null,null,null,null,null,null,null,null,null,null,null,null,null,null,null,null,null,null,null,null,null,null,null,null,null,null,null,null,null,null,null,null,null,null,null,null,null,null,null,null,null,null,null,null,null,null,null,null,null,null,null,null,null,null,null,null,null,null,null,null,null,null,null,null,null,null,null,null,null,null,null,null,null,null,null,null,null,null,null,null,null,null,null,null,null,null,null,null,null,null,null,null,null,null,null,null,null,null,null,null,null,null,null,null,null,null,null,null,null,null,null,null,null,null,null,null,null,null,null,null,null,null,null,null,null,null,null,null,null,null,null,null,null,null,null,null,null,null,null,null,null,null,null,null,null,null,null,null,null,null,null,null,null,null,null,null,null,null,null,null,null,null,null,null,null,null,null,null,null,null,null,null,null,null,null,null,null,null,null,null,null,null,null,null,null,null,null,null,null,null,null,null,null,null,null,null,null,null,null,null,null,null,null,null,null,null,null,null,null,null,null,null,null,null,null,null,null,null,null,null,null,null,null,null,null,null,null,null,null,null,null,null,null,null,null,null,null,null,null,null,null,null,null,null,null,null,null,null,null,null,null,null,null,null,null,null,null,null,null,null,null,null,null,null,null,null,null,null,null,null,null,null,null,null,null,null,null,null,null,null,null,null,null,null,null,null,null,null,null,null,null,null,null,null,null,null,null,null,null,null,null,null,null,null,null,null,null,null,null,null,null,null,null,null,null,null,null,null,null,null,null,null,null,null,null,null,null,null,null,null,null,null,null,null,null,null,null,null,null,null,null,null,null,null,null,null,null,null,null,null,null,null,null,null,null,null,null,null,null,null,null,null,null,null,null,null,null,null,null,null,null,null,null,null,null,null,null,null,null,null,null,null,null,null,null,null,null,null,null,null,null,null,null,null,null,null,null,null,null,null,null,null,null,null,null,null,null,null,null,null],"Size":7,"Front":0,"Back":7,"Capacity":1000},"StartIndex":1,"LastIndex":7}},"CurrentIndex":7,"Stats":{"getsSuccess":0,"getsFail":1,"setsSuccess":6,"setsFail":0,"deleteSuccess":0,"deleteFail":0,"updateSuccess":0,"updateFail":0,"createSuccess":1,"createFail":0,"compareAndSwapSuccess":0,"compareAndSwapFail":0,"compareAndDeleteSuccess":0,"compareAndDeleteFail":0,"expireCount":0,"watchers":0},"CurrentVersion":2}
¨ßîßœÙˇøv( ëN